// Jest Snapshot v1, https://goo.gl/fbAQLP

exports[`Should render ExpenseDashBoardPage correctly 1`] = `
<div>
  <[object Object] />
  <[object Object] />
  <[object Object] />
</div>
`;
